A->(B->(A&B)) (сх. акс. 3)
(A->(B->(A&B)))->(B->(A->(B->(A&B)))) (сх. акс. 1)
B->(A->(B->(A&B))) (M.P. 1, 2)
A (Допущение)
A->(B->A) (сх. акс. 1)
B->A (M.P. 4, 5)
(B->A)->((B->(A->(B->(A&B))))->(B->(B->(A&B)))) (сх. акс. 2)
(B->(A->(B->(A&B))))->(B->(B->(A&B))) (M.P. 6, 7)
B->(B->(A&B)) (M.P. 3, 8)
B->(B->B) (сх. акс. 1)
(B->(B->B))->((B->((B->B)->B))->(B->B)) (сх. акс. 2)
(B->((B->B)->B))->(B->B) (M.P. 10, 11)
B->((B->B)->B) (сх. акс. 1)
B->B (M.P. 13, 12)
(B->B)->((B->(B->(A&B)))->(B->(A&B))) (сх. акс. 2)
(B->(B->(A&B)))->(B->(A&B)) (M.P. 14, 15)
B->(A&B) (M.P. 4, 1)